[www.randomtriviagenerator.com/index.html]
[pagead2.googlesyndication.com/pagead/js/fa823.txt]
[cdn.fuseplatform.net/publift/tags/2/2919/fuse.js]
[www.googletagmanager.com/gtag/js8f8d]
[backblue.gif]
[fade.gif]
[index.html]
[www.randomtriviagenerator.com/manifest.json]
[cdn.polyfill.io/v2/polyfill.min.js]
[www.randomtriviagenerator.com/icons/touch-icon-iphone.png]
[www.randomtriviagenerator.com/icons/touch-icon-ipad.png]
[www.randomtriviagenerator.com/icons/touch-icon-iphone-retina.png]
[www.randomtriviagenerator.com/icons/touch-icon-ipad-retina.png]
[www.randomtriviagenerator.com/img/favicon.ico]
[www.randomtriviagenerator.com/icons/safari-pinned-tab.svg]
[www.randomtriviagenerator.com/_next/static/css/994ae67202daad09e31e.css]
[www.randomtriviagenerator.com/_next/static/css/185981d65fadf314119c.css]
[www.randomtriviagenerator.com/_next/static/css/0300bb1a3ddbf1f51248.css]
[www.randomtriviagenerator.com/_next/static/css/a3764b3711b836f2f969.css]
[www.randomtriviagenerator.com/_next/static/css/526f30671fb9e2fef10a.css]
[www.randomtriviagenerator.com/_next/static/css/ea2e394beecc2085f9bd.css]
[www.randomtriviagenerator.com/_next/static/chunks/polyfills-b69b38e0e606287ba003.js]
[www.randomtriviagenerator.com/_next/static/chunks/webpack-d4f91f2e442ba24c47f2.js]
[www.randomtriviagenerator.com/_next/static/chunks/framework-106d25c2ed81dc45938c.js]
[www.randomtriviagenerator.com/_next/static/chunks/main-dde2b82a3885b5fdd5a9.js]
[www.randomtriviagenerator.com/_next/static/chunks/34fce5f1-f3e4869f3f1902b27fe4.js]
[www.randomtriviagenerator.com/_next/static/chunks/pages/_app-020b75e6bf9c0f4cccef.js]
[www.randomtriviagenerator.com/_next/static/chunks/4320-143cc5ca7773af43efb5.js]
[www.randomtriviagenerator.com/_next/static/chunks/3837-a19993346f0f6a65eb4d.js]
[www.randomtriviagenerator.com/_next/static/chunks/4075-a9b01db7258da2f70708.js]
[www.randomtriviagenerator.com/_next/static/chunks/8463-ea0056b36ce3772f15b2.js]
[www.randomtriviagenerator.com/_next/static/chunks/pages/index-68519f955fcd077866ab.js]
[www.randomtriviagenerator.com/_next/static/OvOc6U8YLv6hGcb_SusDF/_buildManifest.js]
[www.randomtriviagenerator.com/_next/static/OvOc6U8YLv6hGcb_SusDF/_ssgManifest.js]
[fonts.gstatic.com/s/roboto/v30/KFOlCnqEu92Fr1MmSU5fBBc-.woff]
[www.randomtriviagenerator.com/index.html]
[fonts.gstatic.com/s/roboto/v30/KFOlCnqEu92Fr1MmSU5fBBc9.ttf]
[fonts.gstatic.com/s/roboto/v30/KFOmCnqEu92Fr1Mu4mxP.ttf]
[fonts.gstatic.com/s/roboto/v30/KFOlCnqEu92Fr1MmEU9fBBc9.ttf]
[fonts.googleapis.com/css89ea.css]
[fonts.gstatic.com/s/roboto/v30/KFOlCnqEu92Fr1MmWUlfBBc9.ttf]
[fonts.googleapis.com/icone91f.css]
[www.randomtriviagenerator.com/GET]
[fonts.gstatic.com/s/materialicons/v139/flUhRq6tzZclQEJ-Vdg-IuiaDsNZ.ttf]
[ats.rlcdn.com/ats.js]
[www.randomtriviagenerator.com/choicefdfe.js]
[www.randomtriviagenerator.com/t.document.referrer]
[d3div1mtym39ic.cloudfront.net/aax2/apstag.js]
[www.randomtriviagenerator.com/e]
[www.randomtriviagenerator.com/t]
[cdn.fuseplatform.net/publift/tags/2/2919/fuse.js]
[fonts.gstatic.com/index.html]
[www.randomtriviagenerator.com/icons/touch-icon-iphone.html]
[www.randomtriviagenerator.com/icons/touch-icon-ipad.html]
[www.randomtriviagenerator.com/icons/touch-icon-iphone-retina.html]
[www.randomtriviagenerator.com/icons/touch-icon-ipad-retina.html]
[www.randomtriviagenerator.com/img/favicon.html]
[www.randomtriviagenerator.com/icons/safari-pinned-tab.html]
[www.randomtriviagenerator.com/_next/static/media/grey-screw.6e82863a2ca6f8901c97df01c85deca7.svg]
[www.randomtriviagenerator.com/_next/static/media/white-screw.5cbc6f2f5d533d264489c4c5043292d6.svg]
[yandex.ru/ads/system/context.js]
[www.randomtriviagenerator.com/_next/static/media/rtg-logo-small.4388348144caa4eede2f07f720fb3019.svg]
[www.randomtriviagenerator.com/_next/static/media/rtg-logo-lg.2c16a02b45113aef75a4e4675d57d6c1.svg]
[www.randomtriviagenerator.com/_next/static/media/rtg-logo-md.eb53f8a990dec470f553a937ce77aa36.svg]
[www.randomtriviagenerator.com/_next/static/media/paper-lg.e25b0dc48a2cbb0f2485b12da4b1023b.svg]
[www.randomtriviagenerator.com/_next/static/media/paper-md.c53bd0413a6eb45ee2b519c0df6962d5.svg]
[www.randomtriviagenerator.com/_next/static/media/sliders-lg.189f5f0a8d2d094af361b652a1433e79.svg]
[www.randomtriviagenerator.com/_next/static/media/sliders-md.4bde82d98fa124302feca9ec1ff93987.svg]
[www.randomtriviagenerator.com/_next/static/media/red-panel-elements.23da6a3b4405489ab61af04da04da861.svg]
[www.randomtriviagenerator.com/_next/static/media/red-panel-elements-md.24e7ff4e302562a9c09e35c202b004d9.svg]
[www.randomtriviagenerator.com/_next/static/media/blue-panel-elements.f4f1fb6e78f2ee133fed28481a68ba4f.svg]
[www.randomtriviagenerator.com/_next/static/media/blue-panel-elements-md.b018ab633ddeb84b0c7367c7ac5c05a8.svg]
[www.randomtriviagenerator.com/_next/static/media/navy-panel-elements.c8218f4c1d58e7aa631ee393ab9dc94c.svg]
[www.randomtriviagenerator.com/_next/static/media/navy-panel-elements-md.93b5afcaea472d9352dd9a248f765147.svg]
[www.randomtriviagenerator.com/_next/static/media/yellow-panel-elements.3001ee74b0373bda30d2c59861693aad.svg]
[www.randomtriviagenerator.com/_next/static/media/yellow-panel-elements-md.3a9a203076860253f8f12b06fff782f3.svg]
[www.randomtriviagenerator.com/_next/static/media/tablet-grey-panel-elements.6355e6646f25173690b6d1d5024fdc24.svg]
[www.randomtriviagenerator.com/_next/static/media/MavenPro-Regular.6dfe1d1523d27edc3e27e61d11111f70.ttf]
[www.randomtriviagenerator.com/_next/static/media/MavenPro-Bold.a66dfd3c0ff9120f14245a5a4137a4d5.ttf]
[www.randomtriviagenerator.com/_next/static/media/MavenPro-Medium.7772208486ea6c1492f94fafe42060ef.ttf]
[www.randomtriviagenerator.com/_next/static/media/ionicons.68e3a4f9a8d8c679b4aeeec538091708.eot]
[www.randomtriviagenerator.com/_next/static/media/ionicons.1fa6a1e8581aaedf73440699627f0166.ttf]
[www.randomtriviagenerator.com/_next/static/media/ionicons.0b4ad6170d93c4aa91eec612b747eb0f.woff]
[www.randomtriviagenerator.com/_next/static/media/DroidSansMono.43b325d63468602016ceca5ca57cc93e.ttf]
[www.randomtriviagenerator.com/_next/static/media/material-icons.0247273aa2485b417571cb77a9ebeba9.woff]
[www.randomtriviagenerator.com/_next/static/media/ionicons.ee5b17dfd3f2d12ff4e2bebfa9f0141d.svg]
[www.randomtriviagenerator.com/_next/static/media/rtg-refresh3x.448a6de7bf8a760d0029940efce2c319.gif]
[www.randomtriviagenerator.com/_next/static/media/rtg-loading3x.c439c6ccab66d9d7a682e35a4bc42408.gif]
[www.randomtriviagenerator.com/_next/static/css/994ae67202daad09e31e.css]
[www.randomtriviagenerator.com/_next/static/css/185981d65fadf314119c.css]
[www.randomtriviagenerator.com/_next/static/css/0300bb1a3ddbf1f51248.css]
[www.randomtriviagenerator.com/_next/static/css/a3764b3711b836f2f969.css]
[www.randomtriviagenerator.com/_next/static/css/526f30671fb9e2fef10a.css]
[www.randomtriviagenerator.com/_next/static/css/ea2e394beecc2085f9bd.css]
[www.randomtriviagenerator.com/telemetry]
[www.randomtriviagenerator.com/telemetry/index.html]
[www.randomtriviagenerator.com/GET.html]
[www.randomtriviagenerator.com/gpt_and_prebid]
[www.randomtriviagenerator.com/gpt_and_prebid/index.html]
[ats.rlcdn.com/ats.js]
[www.randomtriviagenerator.com/prebid]
[www.randomtriviagenerator.com/prebid/index.html]
[www.randomtriviagenerator.com/choice.4f.delayed]
[www.randomtriviagenerator.com/choice/index.html]
[www.randomtriviagenerator.com/choicefdfe.html]
[www.randomtriviagenerator.com/t.document.html]
[www.randomtriviagenerator.com/e.html]
[www.randomtriviagenerator.com/t.html]
[www.randomtriviagenerator.com/_next/static/media/grey-screw.6e82863a2ca6f8901c97df01c85deca7.svg]
[www.randomtriviagenerator.com/_next/static/media/white-screw.5cbc6f2f5d533d264489c4c5043292d6.svg]
[www.randomtriviagenerator.com/_next/static/media/rtg-logo-small.4388348144caa4eede2f07f720fb3019.svg]
[www.randomtriviagenerator.com/_next/static/media/rtg-logo-lg.2c16a02b45113aef75a4e4675d57d6c1.svg]
[www.randomtriviagenerator.com/_next/static/media/rtg-logo-md.eb53f8a990dec470f553a937ce77aa36.svg]
[www.randomtriviagenerator.com/_next/static/media/paper-lg.e25b0dc48a2cbb0f2485b12da4b1023b.svg]
[www.randomtriviagenerator.com/_next/static/media/paper-md.c53bd0413a6eb45ee2b519c0df6962d5.svg]
[www.randomtriviagenerator.com/_next/static/media/sliders-lg.189f5f0a8d2d094af361b652a1433e79.svg]
[www.randomtriviagenerator.com/_next/static/media/sliders-md.4bde82d98fa124302feca9ec1ff93987.svg]
[www.randomtriviagenerator.com/_next/static/media/red-panel-elements.23da6a3b4405489ab61af04da04da861.svg]
[www.randomtriviagenerator.com/_next/static/media/red-panel-elements-md.24e7ff4e302562a9c09e35c202b004d9.svg]
[www.randomtriviagenerator.com/_next/static/media/blue-panel-elements.f4f1fb6e78f2ee133fed28481a68ba4f.svg]
[www.randomtriviagenerator.com/_next/static/media/blue-panel-elements-md.b018ab633ddeb84b0c7367c7ac5c05a8.svg]
[www.randomtriviagenerator.com/_next/static/media/navy-panel-elements.c8218f4c1d58e7aa631ee393ab9dc94c.svg]
[www.randomtriviagenerator.com/_next/static/media/navy-panel-elements-md.93b5afcaea472d9352dd9a248f765147.svg]
[www.randomtriviagenerator.com/_next/static/media/yellow-panel-elements.3001ee74b0373bda30d2c59861693aad.svg]
[www.randomtriviagenerator.com/_next/static/media/yellow-panel-elements-md.3a9a203076860253f8f12b06fff782f3.svg]
[www.randomtriviagenerator.com/_next/static/media/tablet-grey-panel-elements.6355e6646f25173690b6d1d5024fdc24.svg]
[www.randomtriviagenerator.com/_next/static/media/ionicons.ee5b17dfd3f2d12ff4e2bebfa9f0141d.svg]
[www.randomtriviagenerator.com/telemetry.html]
[www.randomtriviagenerator.com/gpt_and_prebid.html]
[www.randomtriviagenerator.com/prebid.html]
[www.randomtriviagenerator.com/choice.html]
